// Jest Snapshot v1, https://goo.gl/fbAQLP

exports[`signin component renders correctly 1`] = `null`;
